[19:56:41] [OK] UnifiedRateLimiter cargado
[19:56:41] [OK] Comando cargado: ban
[19:56:42] [OK] Comando cargado: antilink
[19:56:42] [OK] Comando cargado: antibot
[19:56:42] [OK] Comando cargado: antifake
[19:56:42] [OK] Comando cargado: autolevelup
[19:56:42] [OK] Comando cargado: nsfw
[19:56:42] [OK] Comando cargado: facebook
[19:56:42] [OK] Comando cargado: instagram
[19:56:42] [ERROR] Error cargando pinterest.js: Cannot find module 'pinterest-scraper'
Require stack:
- C:\Users\Ferna\KennyBotV2\comandos\downloads\pinterest.js
- C:\Users\Ferna\KennyBotV2\src\handlers\commandHandler.js
- C:\Users\Ferna\KennyBotV2\eventos\messages.js
- C:\Users\Ferna\KennyBotV2\index.js
[19:56:43] [OK] Comando cargado: play
[19:56:43] [OK] Comando cargado: spotify
[19:56:43] [OK] Comando cargado: tiktok
[19:56:43] [OK] Comando cargado: ytmp3
[19:56:43] [OK] Comando cargado: ytmp4
[19:56:43] [OK] Comando cargado: balance
[19:56:43] [OK] Comando cargado: buy
[19:56:43] [OK] Comando cargado: crime
[19:56:43] [OK] Comando cargado: daily
[19:56:43] [OK] Comando cargado: deposit
[19:56:43] [OK] Comando cargado: gamble
[19:56:43] [OK] Comando cargado: inventory
[19:56:43] [OK] Comando cargado: leaderboardmoney
[19:56:43] [OK] Comando cargado: open
[19:56:43] [OK] Comando cargado: pay
[19:56:43] [OK] Comando cargado: rob
[19:56:43] [OK] Comando cargado: shop
[19:56:43] [OK] Comando cargado: slots
[19:56:43] [OK] Comando cargado: withdraw
[19:56:43] [OK] Comando cargado: work
[19:56:43] [OK] Comando cargado: inactive
[19:56:43] [OK] Comando cargado: msgstats
[19:56:43] [OK] Comando cargado: topmessages
[19:56:43] [OK] Comando cargado: add
[19:56:43] [OK] Comando cargado: demote
[19:56:43] [OK] Comando cargado: hidetag
[19:56:43] [OK] Comando cargado: kick
[19:56:43] [OK] Comando cargado: mute
[19:56:43] [OK] Comando cargado: promote
[19:56:43] [OK] Comando cargado: tagall
[19:56:43] [OK] Comando cargado: unwarn
[19:56:43] [OK] Comando cargado: warn
[19:56:43] [OK] Comando cargado: warnings
[19:56:43] [OK] Comando cargado: welcome
[19:56:43] [OK] Comando cargado: ia
[19:56:43] [OK] Comando cargado: leaderboard
[19:56:43] [OK] Comando cargado: level
[19:56:43] [OK] Comando cargado: rank
[19:56:43] [OK] Comando cargado: menu
[19:56:43] [OK] Comando cargado: ping
[19:56:43] [OK] Comando cargado: addpremium
[19:56:43] [OK] Comando cargado: delpremium
[19:56:43] [OK] Comando cargado: premium
[19:56:43] [OK] Comando cargado: profile
[19:56:44] [OK] Comando cargado: sticker
[19:56:44] [OK] Comando cargado: addjoinmsg
[19:56:44] [OK] Comando cargado: clearjoinmsg
[19:56:44] [OK] Comando cargado: deljoinmsg
[19:56:44] [OK] Comando cargado: listjoinmsg
[19:56:44] [INFO] Iniciando KennyBot...
[19:56:45] [WARN] Desconectado: 428
[19:56:45] [INFO] Reconectando en 5 segundos...
[19:56:50] [WARN] Desconectado: 428
[19:59:21] [OK] UnifiedRateLimiter cargado
[19:59:21] [OK] Comando cargado: ban
[19:59:21] [OK] Comando cargado: antilink
[19:59:21] [OK] Comando cargado: antibot
[19:59:21] [OK] Comando cargado: antifake
[19:59:21] [OK] Comando cargado: autolevelup
[19:59:21] [OK] Comando cargado: nsfw
[19:59:21] [OK] Comando cargado: facebook
[19:59:21] [OK] Comando cargado: instagram
[19:59:21] [ERROR] Error cargando pinterest.js: Cannot find module 'pinterest-scraper'
Require stack:
- C:\Users\Ferna\KennyBotV2\comandos\downloads\pinterest.js
- C:\Users\Ferna\KennyBotV2\src\handlers\commandHandler.js
- C:\Users\Ferna\KennyBotV2\eventos\messages.js
- C:\Users\Ferna\KennyBotV2\index.js
[19:59:22] [OK] Comando cargado: play
[19:59:22] [OK] Comando cargado: spotify
[19:59:22] [OK] Comando cargado: tiktok
[19:59:22] [OK] Comando cargado: ytmp3
[19:59:22] [OK] Comando cargado: ytmp4
[19:59:22] [OK] Comando cargado: balance
[19:59:22] [OK] Comando cargado: buy
[19:59:22] [OK] Comando cargado: crime
[19:59:22] [OK] Comando cargado: daily
[19:59:22] [OK] Comando cargado: deposit
[19:59:22] [OK] Comando cargado: gamble
[19:59:22] [OK] Comando cargado: inventory
[19:59:22] [OK] Comando cargado: leaderboardmoney
[19:59:22] [OK] Comando cargado: open
[19:59:22] [OK] Comando cargado: pay
[19:59:22] [OK] Comando cargado: rob
[19:59:22] [OK] Comando cargado: shop
[19:59:22] [OK] Comando cargado: slots
[19:59:22] [OK] Comando cargado: withdraw
[19:59:22] [OK] Comando cargado: work
[19:59:22] [OK] Comando cargado: inactive
[19:59:22] [OK] Comando cargado: msgstats
[19:59:22] [OK] Comando cargado: topmessages
[19:59:22] [OK] Comando cargado: add
[19:59:22] [OK] Comando cargado: demote
[19:59:22] [OK] Comando cargado: hidetag
[19:59:22] [OK] Comando cargado: kick
[19:59:22] [OK] Comando cargado: mute
[19:59:22] [OK] Comando cargado: promote
[19:59:22] [OK] Comando cargado: tagall
[19:59:22] [OK] Comando cargado: unwarn
[19:59:22] [OK] Comando cargado: warn
[19:59:22] [OK] Comando cargado: warnings
[19:59:22] [OK] Comando cargado: welcome
[19:59:22] [OK] Comando cargado: ia
[19:59:22] [OK] Comando cargado: leaderboard
[19:59:22] [OK] Comando cargado: level
[19:59:22] [OK] Comando cargado: rank
[19:59:22] [OK] Comando cargado: menu
[19:59:22] [OK] Comando cargado: ping
[19:59:22] [OK] Comando cargado: addpremium
[19:59:22] [OK] Comando cargado: delpremium
[19:59:22] [OK] Comando cargado: premium
[19:59:22] [OK] Comando cargado: profile
[19:59:22] [OK] Comando cargado: sticker
[19:59:22] [OK] Comando cargado: addjoinmsg
[19:59:22] [OK] Comando cargado: clearjoinmsg
[19:59:22] [OK] Comando cargado: deljoinmsg
[19:59:22] [OK] Comando cargado: listjoinmsg
[19:59:22] [INFO] Iniciando KennyBot...
[19:59:23] [ERROR] Pairing Error: Connection Closed
[19:59:26] [WARN] Desconectado: 401
[19:59:26] [ERROR] Sesión cerrada.
[20:10:32] [OK] UnifiedRateLimiter cargado
[20:10:32] [OK] Comando cargado: ban
[20:10:32] [OK] Comando cargado: antilink
[20:10:32] [OK] Comando cargado: antibot
[20:10:32] [OK] Comando cargado: antifake
[20:10:32] [OK] Comando cargado: autolevelup
[20:10:32] [OK] Comando cargado: nsfw
[20:10:32] [OK] Comando cargado: facebook
[20:10:32] [OK] Comando cargado: instagram
[20:10:32] [OK] Comando cargado: pinterest
[20:10:33] [OK] Comando cargado: play
[20:10:33] [OK] Comando cargado: spotify
[20:10:33] [OK] Comando cargado: tiktok
[20:10:33] [OK] Comando cargado: ytmp3
[20:10:33] [OK] Comando cargado: ytmp4
[20:10:33] [OK] Comando cargado: balance
[20:10:33] [OK] Comando cargado: buy
[20:10:33] [OK] Comando cargado: crime
[20:10:33] [OK] Comando cargado: daily
[20:10:33] [OK] Comando cargado: deposit
[20:10:33] [OK] Comando cargado: gamble
[20:10:33] [OK] Comando cargado: inventory
[20:10:33] [OK] Comando cargado: leaderboardmoney
[20:10:33] [OK] Comando cargado: open
[20:10:33] [OK] Comando cargado: pay
[20:10:33] [OK] Comando cargado: rob
[20:10:33] [OK] Comando cargado: shop
[20:10:33] [OK] Comando cargado: slots
[20:10:33] [OK] Comando cargado: withdraw
[20:10:33] [OK] Comando cargado: work
[20:10:33] [OK] Comando cargado: inactive
[20:10:33] [OK] Comando cargado: msgstats
[20:10:33] [OK] Comando cargado: topmessages
[20:10:33] [OK] Comando cargado: add
[20:10:33] [OK] Comando cargado: demote
[20:10:33] [OK] Comando cargado: hidetag
[20:10:33] [OK] Comando cargado: kick
[20:10:33] [OK] Comando cargado: mute
[20:10:33] [OK] Comando cargado: promote
[20:10:33] [OK] Comando cargado: tagall
[20:10:33] [OK] Comando cargado: unwarn
[20:10:33] [OK] Comando cargado: warn
[20:10:33] [OK] Comando cargado: warnings
[20:10:33] [OK] Comando cargado: welcome
[20:10:33] [OK] Comando cargado: ia
[20:10:33] [OK] Comando cargado: leaderboard
[20:10:33] [OK] Comando cargado: level
[20:10:33] [OK] Comando cargado: rank
[20:10:33] [OK] Comando cargado: menu
[20:10:33] [OK] Comando cargado: ping
[20:10:33] [OK] Comando cargado: addpremium
[20:10:33] [OK] Comando cargado: delpremium
[20:10:33] [OK] Comando cargado: premium
[20:10:33] [OK] Comando cargado: profile
[20:10:33] [OK] Comando cargado: sticker
[20:10:33] [OK] Comando cargado: addjoinmsg
[20:10:33] [OK] Comando cargado: clearjoinmsg
[20:10:33] [OK] Comando cargado: deljoinmsg
[20:10:33] [OK] Comando cargado: listjoinmsg
[20:10:33] [INFO] Iniciando KennyBot...
[20:10:51] [WARN] Desconectado: 515
[20:10:51] [INFO] Reconectando en 5 segundos...
[20:11:01] [OK] KennyBot conectado
[20:11:52] [EVENT] 181973939142738 -> .menu
[20:11:52] [EVENT] PassiveCoins: 181973939142738 +8
[20:12:03] [EVENT] 181973939142738 -> /menu
[20:12:34] [EVENT] 181973939142738 -> /menu
[20:13:10] [EVENT] 181973939142738 -> /menu
[20:13:10] [EVENT] PassiveCoins: 181973939142738 +7
[20:16:48] [EVENT] 120363421582961373 -> Te pareces a Xérh..

> Chiara.
[20:21:28] [EVENT] 266816320491607 -> Ya vine
[20:22:11] [EVENT] 266816320491607 -> Mjum, sip
[20:22:41] [EVENT] 120363421582961373 -> Ora, yo soy bel💜
> ⃟🩷𝗕-𝗘𝗟ۤ⎯ 𝐊̶̾𝐍𝐄𝐙𝐄𝐕𝐈𝐂 𝐇꯭𝐔ۖ𝐍𝐒𝐓𝐓𝐄𝐑 '⭐ۥ  𓈒𓈒𓈒
[20:22:48] [OK] UnifiedRateLimiter cargado
[20:22:48] [OK] Comando cargado: ban
[20:22:48] [OK] Comando cargado: antilink
[20:22:48] [OK] Comando cargado: antibot
[20:22:48] [OK] Comando cargado: antifake
[20:22:48] [OK] Comando cargado: autolevelup
[20:22:48] [OK] Comando cargado: nsfw
[20:22:48] [OK] Comando cargado: facebook
[20:22:48] [OK] Comando cargado: instagram
[20:22:48] [OK] Comando cargado: pinterest
[20:22:48] [OK] Comando cargado: play
[20:22:48] [OK] Comando cargado: spotify
[20:22:48] [OK] Comando cargado: tiktok
[20:22:48] [OK] Comando cargado: ytmp3
[20:22:48] [OK] Comando cargado: ytmp4
[20:22:48] [OK] Comando cargado: balance
[20:22:48] [OK] Comando cargado: buy
[20:22:48] [OK] Comando cargado: crime
[20:22:48] [OK] Comando cargado: daily
[20:22:48] [OK] Comando cargado: deposit
[20:22:48] [OK] Comando cargado: gamble
[20:22:48] [OK] Comando cargado: inventory
[20:22:48] [OK] Comando cargado: leaderboardmoney
[20:22:48] [OK] Comando cargado: open
[20:22:48] [OK] Comando cargado: pay
[20:22:48] [OK] Comando cargado: rob
[20:22:48] [OK] Comando cargado: shop
[20:22:48] [OK] Comando cargado: slots
[20:22:48] [OK] Comando cargado: withdraw
[20:22:48] [OK] Comando cargado: work
[20:22:48] [OK] Comando cargado: inactive
[20:22:48] [OK] Comando cargado: msgstats
[20:22:48] [OK] Comando cargado: topmessages
[20:22:48] [OK] Comando cargado: add
[20:22:48] [OK] Comando cargado: demote
[20:22:48] [OK] Comando cargado: hidetag
[20:22:48] [OK] Comando cargado: kick
[20:22:48] [OK] Comando cargado: mute
[20:22:48] [OK] Comando cargado: promote
[20:22:48] [OK] Comando cargado: tagall
[20:22:48] [OK] Comando cargado: unwarn
[20:22:48] [OK] Comando cargado: warn
[20:22:48] [OK] Comando cargado: warnings
[20:22:48] [OK] Comando cargado: welcome
[20:22:48] [OK] Comando cargado: ia
[20:22:48] [OK] Comando cargado: leaderboard
[20:22:48] [OK] Comando cargado: level
[20:22:48] [OK] Comando cargado: rank
[20:22:48] [OK] Comando cargado: menu
[20:22:48] [OK] Comando cargado: ping
[20:22:49] [OK] Comando cargado: addpremium
[20:22:49] [OK] Comando cargado: delpremium
[20:22:49] [OK] Comando cargado: premium
[20:22:49] [OK] Comando cargado: profile
[20:22:49] [OK] Comando cargado: sticker
[20:22:49] [OK] Comando cargado: addjoinmsg
[20:22:49] [OK] Comando cargado: clearjoinmsg
[20:22:49] [OK] Comando cargado: deljoinmsg
[20:22:49] [OK] Comando cargado: listjoinmsg
[20:22:49] [INFO] Iniciando KennyBot...
[20:22:49] [OK] SocketManager cargado
[20:22:51] [OK] KennyBot conectado
[20:23:05] [EVENT] 181973939142738 -> /menu
[20:23:05] [EVENT] PassiveCoins: 181973939142738 +7
[20:23:15] [EVENT] 266816320491607 -> Me dormí en el intento, pero ya se terminó
[20:29:09] [OK] UnifiedRateLimiter cargado
[20:29:09] [OK] Comando cargado: ban
[20:29:09] [OK] Comando cargado: antilink
[20:29:09] [OK] Comando cargado: antibot
[20:29:09] [OK] Comando cargado: antifake
[20:29:09] [OK] Comando cargado: autolevelup
[20:29:09] [OK] Comando cargado: nsfw
[20:29:09] [OK] Comando cargado: facebook
[20:29:09] [OK] Comando cargado: instagram
[20:29:09] [OK] Comando cargado: pinterest
[20:29:10] [OK] Comando cargado: play
[20:29:10] [OK] Comando cargado: spotify
[20:29:10] [OK] Comando cargado: tiktok
[20:29:10] [OK] Comando cargado: ytmp3
[20:29:10] [OK] Comando cargado: ytmp4
[20:29:10] [OK] Comando cargado: balance
[20:29:10] [OK] Comando cargado: buy
[20:29:10] [OK] Comando cargado: crime
[20:29:10] [OK] Comando cargado: daily
[20:29:10] [OK] Comando cargado: deposit
[20:29:10] [OK] Comando cargado: gamble
[20:29:10] [OK] Comando cargado: inventory
[20:29:10] [OK] Comando cargado: leaderboardmoney
[20:29:10] [OK] Comando cargado: open
[20:29:10] [OK] Comando cargado: pay
[20:29:10] [OK] Comando cargado: rob
[20:29:10] [OK] Comando cargado: shop
[20:29:10] [OK] Comando cargado: slots
[20:29:10] [OK] Comando cargado: withdraw
[20:29:10] [OK] Comando cargado: work
[20:29:10] [OK] Comando cargado: inactive
[20:29:10] [OK] Comando cargado: msgstats
[20:29:10] [OK] Comando cargado: topmessages
[20:29:10] [OK] Comando cargado: add
[20:29:10] [OK] Comando cargado: demote
[20:29:10] [OK] Comando cargado: hidetag
[20:29:10] [OK] Comando cargado: kick
[20:29:10] [OK] Comando cargado: mute
[20:29:10] [OK] Comando cargado: promote
[20:29:10] [OK] Comando cargado: tagall
[20:29:10] [OK] Comando cargado: unwarn
[20:29:10] [OK] Comando cargado: warn
[20:29:10] [OK] Comando cargado: warnings
[20:29:10] [OK] Comando cargado: welcome
[20:29:10] [OK] Comando cargado: ia
[20:29:10] [OK] Comando cargado: leaderboard
[20:29:10] [OK] Comando cargado: level
[20:29:10] [OK] Comando cargado: rank
[20:29:10] [OK] Comando cargado: menu
[20:29:10] [OK] Comando cargado: ping
[20:29:10] [OK] Comando cargado: addpremium
[20:29:10] [OK] Comando cargado: delpremium
[20:29:10] [OK] Comando cargado: premium
[20:29:10] [OK] Comando cargado: profile
[20:29:10] [OK] Comando cargado: sticker
[20:29:10] [OK] Comando cargado: addjoinmsg
[20:29:10] [OK] Comando cargado: clearjoinmsg
[20:29:10] [OK] Comando cargado: deljoinmsg
[20:29:10] [OK] Comando cargado: listjoinmsg
[20:29:10] [INFO] Iniciando KennyBot...
[20:29:10] [OK] SocketManager cargado
[20:29:11] [OK] KennyBot conectado
[20:29:22] [EVENT] 181973939142738 -> .menu
[20:29:22] [EVENT] PassiveCoins: 181973939142738 +4
[20:29:45] [EVENT] 266816320491607 -> No te preocupes, ya me tomé una medicación y de seguro, al rato se me baja la fiebre
[20:30:01] [EVENT] 266816320491607 -> Tú sigue con el bot, amor, es un trabajo muy duro
[20:30:11] [EVENT] 266816320491607 -> Hasta yo me estrese y eso que yo no ando haciendo eso
[20:30:36] [EVENT] 266816320491607 -> Está bien, amor
[20:31:16] [EVENT] 266816320491607 -> Pues, sí lo sentí así, pero no te preocupes, amorcito
[20:31:24] [EVENT] 266816320491607 -> Yo entiendo que estés pasando por estrés
[20:31:32] [EVENT] 266816320491607 -> No te preocupes💕💕💕
[20:34:46] [OK] UnifiedRateLimiter cargado
[20:34:46] [OK] Comando cargado: ban
[20:34:46] [OK] Comando cargado: antilink
[20:34:46] [OK] Comando cargado: antibot
[20:34:46] [OK] Comando cargado: antifake
[20:34:46] [OK] Comando cargado: autolevelup
[20:34:46] [OK] Comando cargado: nsfw
[20:34:46] [OK] Comando cargado: facebook
[20:34:46] [OK] Comando cargado: instagram
[20:34:46] [OK] Comando cargado: pinterest
[20:34:46] [OK] Comando cargado: play
[20:34:46] [OK] Comando cargado: spotify
[20:34:46] [OK] Comando cargado: tiktok
[20:34:46] [OK] Comando cargado: ytmp3
[20:34:46] [OK] Comando cargado: ytmp4
[20:34:46] [OK] Comando cargado: balance
[20:34:46] [OK] Comando cargado: buy
[20:34:46] [OK] Comando cargado: crime
[20:34:46] [OK] Comando cargado: daily
[20:34:46] [OK] Comando cargado: deposit
[20:34:46] [OK] Comando cargado: gamble
[20:34:46] [OK] Comando cargado: inventory
[20:34:46] [OK] Comando cargado: leaderboardmoney
[20:34:46] [OK] Comando cargado: open
[20:34:46] [OK] Comando cargado: pay
[20:34:46] [OK] Comando cargado: rob
[20:34:46] [OK] Comando cargado: shop
[20:34:46] [OK] Comando cargado: slots
[20:34:46] [OK] Comando cargado: withdraw
[20:34:46] [OK] Comando cargado: work
[20:34:46] [OK] Comando cargado: inactive
[20:34:46] [OK] Comando cargado: msgstats
[20:34:46] [OK] Comando cargado: topmessages
[20:34:46] [OK] Comando cargado: add
[20:34:46] [OK] Comando cargado: demote
[20:34:46] [OK] Comando cargado: hidetag
[20:34:46] [OK] Comando cargado: kick
[20:34:46] [OK] Comando cargado: mute
[20:34:46] [OK] Comando cargado: promote
[20:34:46] [OK] Comando cargado: tagall
[20:34:46] [OK] Comando cargado: unwarn
[20:34:46] [OK] Comando cargado: warn
[20:34:46] [OK] Comando cargado: warnings
[20:34:46] [OK] Comando cargado: welcome
[20:34:46] [OK] Comando cargado: ia
[20:34:46] [OK] Comando cargado: leaderboard
[20:34:46] [OK] Comando cargado: level
[20:34:46] [OK] Comando cargado: rank
[20:34:46] [OK] Comando cargado: menu
[20:34:46] [OK] Comando cargado: ping
[20:34:46] [OK] Comando cargado: addpremium
[20:34:46] [OK] Comando cargado: delpremium
[20:34:46] [OK] Comando cargado: premium
[20:34:46] [OK] Comando cargado: profile
[20:34:47] [OK] Comando cargado: sticker
[20:34:47] [OK] Comando cargado: addjoinmsg
[20:34:47] [OK] Comando cargado: clearjoinmsg
[20:34:47] [OK] Comando cargado: deljoinmsg
[20:34:47] [OK] Comando cargado: listjoinmsg
[20:34:47] [INFO] Iniciando KennyBot...
[20:34:47] [OK] SocketManager cargado
[20:34:48] [OK] KennyBot conectado
[20:34:55] [EVENT] 266816320491607 -> Pues tienes razón, pero no hay problema, amor
[20:34:55] [EVENT] 181973939142738 -> /menu
[20:34:55] [EVENT] PassiveCoins: 181973939142738 +7
[20:35:09] [EVENT] 266816320491607 -> Estoy pensando en qué castigo darte
[20:35:16] [EVENT] 181973939142738 -> .menu
[20:35:18] [EVENT] 266816320491607 -> Porque si me hiciste sentir mal
[20:39:16] [OK] UnifiedRateLimiter cargado
[20:39:16] [OK] Comando cargado: ban
[20:39:16] [OK] Comando cargado: antilink
[20:39:16] [OK] Comando cargado: antibot
[20:39:16] [OK] Comando cargado: antifake
[20:39:16] [OK] Comando cargado: autolevelup
[20:39:16] [OK] Comando cargado: nsfw
[20:39:16] [OK] Comando cargado: facebook
[20:39:16] [OK] Comando cargado: instagram
[20:39:16] [OK] Comando cargado: pinterest
[20:39:16] [OK] Comando cargado: play
[20:39:16] [OK] Comando cargado: spotify
[20:39:16] [OK] Comando cargado: tiktok
[20:39:16] [OK] Comando cargado: ytmp3
[20:39:16] [OK] Comando cargado: ytmp4
[20:39:16] [OK] Comando cargado: balance
[20:39:16] [OK] Comando cargado: buy
[20:39:16] [OK] Comando cargado: crime
[20:39:16] [OK] Comando cargado: daily
[20:39:17] [OK] Comando cargado: deposit
[20:39:17] [OK] Comando cargado: gamble
[20:39:17] [OK] Comando cargado: inventory
[20:39:17] [OK] Comando cargado: leaderboardmoney
[20:39:17] [OK] Comando cargado: open
[20:39:17] [OK] Comando cargado: pay
[20:39:17] [OK] Comando cargado: rob
[20:39:17] [OK] Comando cargado: shop
[20:39:17] [OK] Comando cargado: slots
[20:39:17] [OK] Comando cargado: withdraw
[20:39:17] [OK] Comando cargado: work
[20:39:17] [OK] Comando cargado: inactive
[20:39:17] [OK] Comando cargado: msgstats
[20:39:17] [OK] Comando cargado: topmessages
[20:39:17] [OK] Comando cargado: add
[20:39:17] [OK] Comando cargado: demote
[20:39:17] [OK] Comando cargado: hidetag
[20:39:17] [OK] Comando cargado: kick
[20:39:17] [OK] Comando cargado: mute
[20:39:17] [OK] Comando cargado: promote
[20:39:17] [OK] Comando cargado: tagall
[20:39:17] [OK] Comando cargado: unwarn
[20:39:17] [OK] Comando cargado: warn
[20:39:17] [OK] Comando cargado: warnings
[20:39:17] [OK] Comando cargado: welcome
[20:39:17] [OK] Comando cargado: ia
[20:39:17] [OK] Comando cargado: leaderboard
[20:39:17] [OK] Comando cargado: level
[20:39:17] [OK] Comando cargado: rank
[20:39:17] [OK] Comando cargado: menu
[20:39:17] [OK] Comando cargado: ping
[20:39:17] [OK] Comando cargado: addpremium
[20:39:17] [OK] Comando cargado: delpremium
[20:39:17] [OK] Comando cargado: premium
[20:39:17] [OK] Comando cargado: profile
[20:39:17] [OK] Comando cargado: sticker
[20:39:17] [OK] Comando cargado: addjoinmsg
[20:39:17] [OK] Comando cargado: clearjoinmsg
[20:39:17] [OK] Comando cargado: deljoinmsg
[20:39:17] [OK] Comando cargado: listjoinmsg
[20:39:17] [INFO] Iniciando KennyBot...
[20:39:17] [OK] SocketManager cargado
[20:39:18] [OK] KennyBot conectado
[20:39:27] [EVENT] 181973939142738 -> /menu
[20:39:27] [EVENT] PassiveCoins: 181973939142738 +8
[20:40:11] [OK] UnifiedRateLimiter cargado
[20:40:11] [OK] Comando cargado: ban
[20:40:11] [OK] Comando cargado: antilink
[20:40:11] [OK] Comando cargado: antibot
[20:40:11] [OK] Comando cargado: antifake
[20:40:11] [OK] Comando cargado: autolevelup
[20:40:11] [OK] Comando cargado: nsfw
[20:40:11] [OK] Comando cargado: facebook
[20:40:11] [OK] Comando cargado: instagram
[20:40:11] [OK] Comando cargado: pinterest
[20:40:12] [OK] Comando cargado: play
[20:40:12] [OK] Comando cargado: spotify
[20:40:12] [OK] Comando cargado: tiktok
[20:40:12] [OK] Comando cargado: ytmp3
[20:40:12] [OK] Comando cargado: ytmp4
[20:40:12] [OK] Comando cargado: balance
[20:40:12] [OK] Comando cargado: buy
[20:40:12] [OK] Comando cargado: crime
[20:40:12] [OK] Comando cargado: daily
[20:40:12] [OK] Comando cargado: deposit
[20:40:12] [OK] Comando cargado: gamble
[20:40:12] [OK] Comando cargado: inventory
[20:40:12] [OK] Comando cargado: leaderboardmoney
[20:40:12] [OK] Comando cargado: open
[20:40:12] [OK] Comando cargado: pay
[20:40:12] [OK] Comando cargado: rob
[20:40:12] [OK] Comando cargado: shop
[20:40:12] [OK] Comando cargado: slots
[20:40:12] [OK] Comando cargado: withdraw
[20:40:12] [OK] Comando cargado: work
[20:40:12] [OK] Comando cargado: inactive
[20:40:12] [OK] Comando cargado: msgstats
[20:40:12] [OK] Comando cargado: topmessages
[20:40:12] [OK] Comando cargado: add
[20:40:12] [OK] Comando cargado: demote
[20:40:12] [OK] Comando cargado: hidetag
[20:40:12] [OK] Comando cargado: kick
[20:40:12] [OK] Comando cargado: mute
[20:40:12] [OK] Comando cargado: promote
[20:40:12] [OK] Comando cargado: tagall
[20:40:12] [OK] Comando cargado: unwarn
[20:40:12] [OK] Comando cargado: warn
[20:40:12] [OK] Comando cargado: warnings
[20:40:12] [OK] Comando cargado: welcome
[20:40:12] [OK] Comando cargado: ia
[20:40:12] [OK] Comando cargado: leaderboard
[20:40:12] [OK] Comando cargado: level
[20:40:12] [OK] Comando cargado: rank
[20:40:12] [OK] Comando cargado: menu
[20:40:12] [OK] Comando cargado: ping
[20:40:12] [OK] Comando cargado: addpremium
[20:40:12] [OK] Comando cargado: delpremium
[20:40:12] [OK] Comando cargado: premium
[20:40:12] [OK] Comando cargado: profile
[20:40:12] [OK] Comando cargado: sticker
[20:40:12] [OK] Comando cargado: addjoinmsg
[20:40:12] [OK] Comando cargado: clearjoinmsg
[20:40:12] [OK] Comando cargado: deljoinmsg
[20:40:12] [OK] Comando cargado: listjoinmsg
[20:40:12] [INFO] Iniciando KennyBot...
[20:40:13] [OK] SocketManager cargado
[20:40:28] [WARN] Desconectado: 515
[20:40:28] [INFO] Reconectando en 5 segundos...
[20:40:33] [OK] SocketManager cargado
[20:40:36] [OK] KennyBot conectado
[20:41:06] [EVENT] 181973939142738 -> /menu
[20:41:06] [EVENT] PassiveCoins: 181973939142738 +2
[20:41:10] [EVENT] 82833477488805 -> Me dio flojera
[20:41:10] [EVENT] PassiveCoins: 82833477488805 +10
[20:41:12] [EVENT] 266816320491607 -> Ya, mi vida
[20:41:15] [EVENT] 266816320491607 -> Tranquilo
[20:41:27] [EVENT] 266816320491607 -> Creo que no te pondré castigo, CREO
[20:41:29] [EVENT] 266816320491607 -> No estoy segura
[20:42:38] [EVENT] 266816320491607 -> Si soy
[20:42:41] [EVENT] 266816320491607 -> JAAJAJAJAJAJAJAJ
[20:42:55] [EVENT] 266816320491607 -> También esta
[20:43:02] [EVENT] 266816320491607 -> También este
[20:43:11] [EVENT] 120363406317761199 -> Suelten el tema ya de las fotos filtradas, me tienen aborreció con tanta mamadera. 

> khalie.
[20:43:43] [EVENT] 266816320491607 -> Estoy buscando que forma de castigo te doy, hermoso
[20:44:14] [EVENT] 266816320491607 -> Bobo
[20:45:06] [EVENT] 266816320491607 -> Esto era lo que querías, eh?
[20:45:43] [EVENT] 120363406317761199 -> Un solo jamaqueo, que sí, que no. Dejen de dar foco a esperpentos mediocres con un IQ de -32 y enfóquense mejor en algo verdaderamente importante. Dejen de hacer biblias inútiles y utilizando palabras inteligentes que los hacen ver más mediocres aún sin saber su significado; a mí no me importa si pasó o no. Me da un tic que cada cosa que vea sea referente a la bastarda funa absurda.

> khalie.
[20:46:10] [EVENT] 120363406317761199 -> Agarren una pala y chóquenla contra su cabeza para saber si pueden volver a funcionar sus neuronas.

> khalie.
[20:47:00] [EVENT] 266816320491607 -> Papi...
[20:47:37] [EVENT] 266816320491607 -> Amor, la peor combinación es tener fiebre, estar caliente por eso y por lo otro
[20:48:00] [EVENT] 120363406317761199 -> Espero que el día de mañana funen por algo *verdaderamente* bueno y no por inutilidades pésimas.

> khalie.
[20:48:33] [EVENT] 40261744857339 -> Te quedó bieeeeeen.
[20:48:33] [EVENT] PassiveCoins: 40261744857339 +1
[20:49:41] [EVENT] 266816320491607 -> Mientras yo intento ahogar mis gemidos, mordiendo mis labios con fuerza, haciéndolos sangrar un poco y que, de tanto placer, me corra varías veces seguidas
[20:49:52] [EVENT] 82833477488805 -> Yo sé vv, pefo me dio flojera abrir otra familia
[20:49:52] [EVENT] PassiveCoins: 82833477488805 +6
[20:51:08] [OK] UnifiedRateLimiter cargado
[20:51:08] [OK] Comando cargado: ban
[20:51:08] [OK] Comando cargado: antilink
[20:51:08] [OK] Comando cargado: antibot
[20:51:08] [OK] Comando cargado: antifake
[20:51:08] [OK] Comando cargado: autolevelup
[20:51:08] [OK] Comando cargado: nsfw
[20:51:08] [OK] Comando cargado: facebook
[20:51:08] [OK] Comando cargado: instagram
[20:51:08] [OK] Comando cargado: pinterest
[20:51:09] [OK] Comando cargado: play
[20:51:09] [OK] Comando cargado: spotify
[20:51:09] [OK] Comando cargado: tiktok
[20:51:09] [OK] Comando cargado: ytmp3
[20:51:09] [OK] Comando cargado: ytmp4
[20:51:09] [OK] Comando cargado: balance
[20:51:09] [OK] Comando cargado: buy
[20:51:09] [OK] Comando cargado: crime
[20:51:09] [OK] Comando cargado: daily
[20:51:09] [OK] Comando cargado: deposit
[20:51:09] [OK] Comando cargado: gamble
[20:51:09] [OK] Comando cargado: inventory
[20:51:09] [OK] Comando cargado: leaderboardmoney
[20:51:09] [OK] Comando cargado: open
[20:51:09] [OK] Comando cargado: pay
[20:51:09] [OK] Comando cargado: rob
[20:51:09] [OK] Comando cargado: shop
[20:51:09] [OK] Comando cargado: slots
[20:51:09] [OK] Comando cargado: withdraw
[20:51:09] [OK] Comando cargado: work
[20:51:09] [OK] Comando cargado: inactive
[20:51:09] [OK] Comando cargado: msgstats
[20:51:09] [OK] Comando cargado: topmessages
[20:51:09] [OK] Comando cargado: add
[20:51:09] [OK] Comando cargado: demote
[20:51:09] [OK] Comando cargado: hidetag
[20:51:09] [OK] Comando cargado: kick
[20:51:09] [OK] Comando cargado: mute
[20:51:09] [OK] Comando cargado: promote
[20:51:09] [OK] Comando cargado: tagall
[20:51:09] [OK] Comando cargado: unwarn
[20:51:09] [OK] Comando cargado: warn
[20:51:09] [OK] Comando cargado: warnings
[20:51:09] [OK] Comando cargado: welcome
[20:51:09] [OK] Comando cargado: ia
[20:51:09] [OK] Comando cargado: leaderboard
[20:51:09] [OK] Comando cargado: level
[20:51:09] [OK] Comando cargado: rank
[20:51:09] [OK] Comando cargado: menu
[20:51:09] [OK] Comando cargado: ping
[20:51:09] [OK] Comando cargado: addpremium
[20:51:09] [OK] Comando cargado: delpremium
[20:51:09] [OK] Comando cargado: premium
[20:51:09] [OK] Comando cargado: profile
[20:51:09] [OK] Comando cargado: sticker
[20:51:09] [OK] Comando cargado: addjoinmsg
[20:51:09] [OK] Comando cargado: clearjoinmsg
[20:51:09] [OK] Comando cargado: deljoinmsg
[20:51:09] [OK] Comando cargado: listjoinmsg
[20:51:09] [INFO] Iniciando KennyBot...
[20:51:09] [OK] SocketManager cargado
[20:51:11] [OK] KennyBot conectado
[20:51:25] [EVENT] 181973939142738 -> /menu
[20:51:26] [EVENT] PassiveCoins: 181973939142738 +2
[20:55:53] [EVENT] 266816320491607 -> Mientras tu me la metes, yo con mis uñas, dejo marcas en tu espalda super notorias y entrelazando tu cabello entre mis dedos y agarrandolo con fuerzas. Beso tu boca, mordiendo el labio inferior, provocandote muchísimo más
[20:56:08] [EVENT] 266816320491607 -> EL HEREDERO, BOBO.
[20:56:08] [EVENT] PassiveCoins: 266816320491607 +6
[20:56:25] [OK] UnifiedRateLimiter cargado
[20:56:25] [OK] Comando cargado: ban
[20:56:25] [OK] Comando cargado: antilink
[20:56:25] [OK] Comando cargado: antibot
[20:56:25] [OK] Comando cargado: antifake
[20:56:25] [OK] Comando cargado: autolevelup
[20:56:25] [OK] Comando cargado: nsfw
[20:56:25] [OK] Comando cargado: facebook
[20:56:25] [OK] Comando cargado: instagram
[20:56:25] [OK] Comando cargado: pinterest
[20:56:26] [OK] Comando cargado: play
[20:56:26] [OK] Comando cargado: spotify
[20:56:26] [OK] Comando cargado: tiktok
[20:56:26] [OK] Comando cargado: ytmp3
[20:56:26] [OK] Comando cargado: ytmp4
[20:56:26] [OK] Comando cargado: balance
[20:56:26] [OK] Comando cargado: buy
[20:56:26] [OK] Comando cargado: crime
[20:56:26] [OK] Comando cargado: daily
[20:56:26] [OK] Comando cargado: deposit
[20:56:26] [OK] Comando cargado: gamble
[20:56:26] [OK] Comando cargado: inventory
[20:56:26] [OK] Comando cargado: leaderboardmoney
[20:56:26] [OK] Comando cargado: open
[20:56:26] [OK] Comando cargado: pay
[20:56:26] [OK] Comando cargado: rob
[20:56:26] [OK] Comando cargado: shop
[20:56:26] [OK] Comando cargado: slots
[20:56:26] [OK] Comando cargado: withdraw
[20:56:26] [OK] Comando cargado: work
[20:56:26] [OK] Comando cargado: inactive
[20:56:26] [OK] Comando cargado: msgstats
[20:56:26] [OK] Comando cargado: topmessages
[20:56:26] [OK] Comando cargado: add
[20:56:26] [OK] Comando cargado: demote
[20:56:26] [OK] Comando cargado: hidetag
[20:56:26] [OK] Comando cargado: kick
[20:56:26] [OK] Comando cargado: mute
[20:56:26] [OK] Comando cargado: promote
[20:56:26] [OK] Comando cargado: tagall
[20:56:26] [OK] Comando cargado: unwarn
[20:56:26] [OK] Comando cargado: warn
[20:56:26] [OK] Comando cargado: warnings
[20:56:26] [OK] Comando cargado: welcome
[20:56:26] [OK] Comando cargado: ia
[20:56:26] [OK] Comando cargado: leaderboard
[20:56:26] [OK] Comando cargado: level
[20:56:26] [OK] Comando cargado: rank
[20:56:26] [OK] Comando cargado: menu
[20:56:26] [OK] Comando cargado: ping
[20:56:26] [OK] Comando cargado: addpremium
[20:56:27] [OK] Comando cargado: delpremium
[20:56:27] [OK] Comando cargado: premium
[20:56:27] [OK] Comando cargado: profile
[20:56:27] [OK] Comando cargado: sticker
[20:56:27] [OK] Comando cargado: addjoinmsg
[20:56:27] [OK] Comando cargado: clearjoinmsg
[20:56:27] [OK] Comando cargado: deljoinmsg
[20:56:27] [OK] Comando cargado: listjoinmsg
[20:56:27] [INFO] Iniciando KennyBot...
[20:56:28] [OK] SocketManager cargado
[20:56:29] [OK] KennyBot conectado
[20:56:34] [EVENT] 181973939142738 -> /menu
[20:56:34] [EVENT] PassiveCoins: 181973939142738 +8
[20:59:38] [EVENT] 82833477488805 -> Ah si.
[20:59:38] [EVENT] PassiveCoins: 82833477488805 +8
[20:59:44] [EVENT] 82833477488805 -> Aveces me arrepiento de eso.
[20:59:50] [EVENT] 82833477488805 -> Pero x
[20:59:52] [EVENT] 82833477488805 -> Hi
[21:02:43] [EVENT] 120363421582961373 -> Hola, busco personitas para agregar. 

+54 9 280 481-8076

> Elíad.
[21:03:09] [EVENT] 120363421582961373 -> Iba a decir “yo quiero” pero ya te tengo…😂
> ⃟🩷𝗕-𝗘𝗟ۤ⎯ 𝐊̶̾𝐍𝐄𝐙𝐄𝐕𝐈𝐂 𝐇꯭𝐔ۖ𝐍𝐒𝐓𝐓𝐄𝐑 '⭐ۥ  𓈒𓈒𓈒
[21:06:34] [EVENT] 266816320491607 -> Aunque te lo pida, se que no lo harás, papi y eso, me excita demasiado. 
Cambiaríamos de lugar, ahora yo quedando encima de tí y de tú verga, que aún estaría adentro mío. Me movería con movimientos de atrás hacía delante, con lentitud pero, a medida que pasen los minutos, ir subiendo la intensidad
[21:12:22] [EVENT] 266816320491607 -> Debajo de las cobijas y en donde sea. Tú me follas y yo, me tapo la boca para no soltar ningún gemido, papi
[21:15:18] [EVENT] 266816320491607 -> Quisiera que me tengas pegada a la pared de la ducha, mientras me la metes sin parar
[21:16:32] [OK] UnifiedRateLimiter cargado
[21:16:32] [OK] Comando cargado: ban
[21:16:32] [OK] Comando cargado: antilink
[21:16:32] [OK] Comando cargado: antibot
[21:16:32] [OK] Comando cargado: antifake
[21:16:32] [OK] Comando cargado: autolevelup
[21:16:32] [OK] Comando cargado: nsfw
[21:16:32] [OK] Comando cargado: facebook
[21:16:32] [OK] Comando cargado: instagram
[21:16:33] [OK] Comando cargado: pinterest
[21:16:33] [OK] Comando cargado: play
[21:16:33] [OK] Comando cargado: spotify
[21:16:33] [OK] Comando cargado: tiktok
[21:16:33] [OK] Comando cargado: ytmp3
[21:16:33] [OK] Comando cargado: ytmp4
[21:16:33] [OK] Comando cargado: balance
[21:16:33] [OK] Comando cargado: buy
[21:16:33] [OK] Comando cargado: crime
[21:16:33] [OK] Comando cargado: daily
[21:16:33] [OK] Comando cargado: deposit
[21:16:33] [OK] Comando cargado: gamble
[21:16:33] [OK] Comando cargado: inventory
[21:16:33] [OK] Comando cargado: leaderboardmoney
[21:16:33] [OK] Comando cargado: open
[21:16:33] [OK] Comando cargado: pay
[21:16:33] [OK] Comando cargado: rob
[21:16:33] [OK] Comando cargado: shop
[21:16:33] [OK] Comando cargado: slots
[21:16:33] [OK] Comando cargado: withdraw
[21:16:33] [OK] Comando cargado: work
[21:16:33] [OK] Comando cargado: inactive
[21:16:33] [OK] Comando cargado: msgstats
[21:16:33] [OK] Comando cargado: topmessages
[21:16:33] [OK] Comando cargado: add
[21:16:33] [OK] Comando cargado: demote
[21:16:33] [OK] Comando cargado: hidetag
[21:16:33] [OK] Comando cargado: kick
[21:16:33] [OK] Comando cargado: mute
[21:16:33] [OK] Comando cargado: promote
[21:16:33] [OK] Comando cargado: tagall
[21:16:33] [OK] Comando cargado: unwarn
[21:16:33] [OK] Comando cargado: warn
[21:16:33] [OK] Comando cargado: warnings
[21:16:33] [OK] Comando cargado: welcome
[21:16:33] [OK] Comando cargado: ia
[21:16:33] [OK] Comando cargado: leaderboard
[21:16:33] [OK] Comando cargado: level
[21:16:33] [OK] Comando cargado: rank
[21:16:33] [OK] Comando cargado: menu
[21:16:33] [OK] Comando cargado: ping
[21:16:33] [OK] Comando cargado: addpremium
[21:16:33] [OK] Comando cargado: delpremium
[21:16:33] [OK] Comando cargado: premium
[21:16:33] [OK] Comando cargado: profile
[21:16:33] [OK] Comando cargado: sticker
[21:16:33] [OK] Comando cargado: addjoinmsg
[21:16:33] [OK] Comando cargado: clearjoinmsg
[21:16:33] [OK] Comando cargado: deljoinmsg
[21:16:33] [OK] Comando cargado: listjoinmsg
[21:16:33] [INFO] Iniciando KennyBot...
[21:16:34] [OK] SocketManager cargado
[21:16:35] [OK] KennyBot conectado
[21:17:15] [EVENT] 181973939142738 -> /menu
[21:17:15] [EVENT] PassiveCoins: 181973939142738 +6
[21:23:08] [OK] UnifiedRateLimiter cargado
[21:23:08] [OK] Comando cargado: ban
[21:23:08] [OK] Comando cargado: antilink
[21:23:08] [OK] Comando cargado: antibot
[21:23:08] [OK] Comando cargado: antifake
[21:23:08] [OK] Comando cargado: autolevelup
[21:23:08] [OK] Comando cargado: nsfw
[21:23:09] [OK] Comando cargado: facebook
[21:23:09] [OK] Comando cargado: instagram
[21:23:09] [OK] Comando cargado: pinterest
[21:23:09] [OK] Comando cargado: play
[21:23:09] [OK] Comando cargado: spotify
[21:23:09] [OK] Comando cargado: tiktok
[21:23:09] [OK] Comando cargado: ytmp3
[21:23:09] [OK] Comando cargado: ytmp4
[21:23:09] [OK] Comando cargado: balance
[21:23:09] [OK] Comando cargado: buy
[21:23:09] [OK] Comando cargado: crime
[21:23:09] [OK] Comando cargado: daily
[21:23:09] [OK] Comando cargado: deposit
[21:23:09] [OK] Comando cargado: gamble
[21:23:09] [OK] Comando cargado: inventory
[21:23:09] [OK] Comando cargado: leaderboardmoney
[21:23:09] [OK] Comando cargado: open
[21:23:09] [OK] Comando cargado: pay
[21:23:09] [OK] Comando cargado: rob
[21:23:09] [OK] Comando cargado: shop
[21:23:09] [OK] Comando cargado: slots
[21:23:09] [OK] Comando cargado: withdraw
[21:23:09] [OK] Comando cargado: work
[21:23:09] [OK] Comando cargado: inactive
[21:23:09] [OK] Comando cargado: msgstats
[21:23:09] [OK] Comando cargado: topmessages
[21:23:09] [OK] Comando cargado: add
[21:23:09] [OK] Comando cargado: demote
[21:23:09] [OK] Comando cargado: hidetag
[21:23:09] [OK] Comando cargado: kick
[21:23:09] [OK] Comando cargado: mute
[21:23:09] [OK] Comando cargado: promote
[21:23:09] [OK] Comando cargado: tagall
[21:23:09] [OK] Comando cargado: unwarn
[21:23:09] [OK] Comando cargado: warn
[21:23:09] [OK] Comando cargado: warnings
[21:23:09] [OK] Comando cargado: welcome
[21:23:09] [OK] Comando cargado: ia
[21:23:09] [OK] Comando cargado: leaderboard
[21:23:09] [OK] Comando cargado: level
[21:23:09] [OK] Comando cargado: rank
[21:23:09] [OK] Comando cargado: menu
[21:23:09] [OK] Comando cargado: ping
[21:23:09] [OK] Comando cargado: addpremium
[21:23:09] [OK] Comando cargado: delpremium
[21:23:09] [OK] Comando cargado: premium
[21:23:09] [OK] Comando cargado: profile
[21:23:10] [OK] Comando cargado: sticker
[21:23:10] [OK] Comando cargado: addjoinmsg
[21:23:10] [OK] Comando cargado: clearjoinmsg
[21:23:10] [OK] Comando cargado: deljoinmsg
[21:23:10] [OK] Comando cargado: listjoinmsg
[21:23:10] [INFO] Iniciando KennyBot...
[21:23:10] [OK] SocketManager cargado
[21:23:11] [OK] KennyBot conectado
[21:23:38] [EVENT] 181973939142738 -> .menu
[21:23:38] [EVENT] PassiveCoins: 181973939142738 +3
[21:23:38] [CMD] menu → 181973939142738
[21:24:03] [EVENT] 181973939142738 -> .tagall
[21:24:30] [EVENT] 181973939142738 -> .tagall
[21:24:30] [CMD] tagall → 181973939142738
[21:24:31] [EVENT] Tagall usado: 120363425530676036
[21:25:36] [EVENT] 266816320491607 -> Lo haré, papi. Te indicaré como hacer tú trabajo, al igual que tú a mí y no descansaremos hasta el amanecer
[21:27:14] [EVENT] 129579716989035 -> Ya regrese de la depresión
[21:27:16] [EVENT] 129579716989035 -> Xd
[21:27:25] [EVENT] 129579716989035 -> No keria hablar con nadie xd
[21:27:27] [EVENT] 129579716989035 -> Perdón
[21:28:07] [EVENT] 129579716989035 -> Perdón
[21:28:12] [EVENT] 129579716989035 -> Me dio un bajón químico
[21:28:16] [EVENT] 129579716989035 -> Y me keria matar alv
[21:28:22] [EVENT] 129579716989035 -> Keria borrar todo
[21:28:40] [EVENT] 266816320491607 -> Entonces no lo haremos
[21:29:14] [EVENT] 266816320491607 -> Follaremos hasta que nuestros cuerpos nos supliquen parar
[21:31:40] [EVENT] 129579716989035 -> Perdón 😞
[21:31:46] [EVENT] 129579716989035 -> No keria hablar
[21:31:53] [EVENT] 129579716989035 -> O sea si quería
[21:31:56] [EVENT] 129579716989035 -> Pero no podía
[21:32:29] [EVENT] 129579716989035 -> Gracias por eso
[21:32:38] [EVENT] 129579716989035 -> Realmente me estaba muriendo en depresión
[21:32:49] [EVENT] 129579716989035 -> Y solo subía estados proyectandome
[21:32:53] [EVENT] 129579716989035 -> Y no respondía msj
[21:33:40] [EVENT] 129579716989035 -> No me maté
[21:33:45] [EVENT] 129579716989035 -> Ya es avance
[21:34:03] [EVENT] 266816320491607 -> Quiero gemir tú nombre hasta quedarme sin voz, papi
[21:36:06] [EVENT] 129579716989035 -> Si, ya puedo hablar
[21:36:12] [EVENT] 129579716989035 -> Te mandaré tutorial
[21:36:20] [EVENT] 129579716989035 -> En la madrugada te mando tu marca
[21:36:46] [EVENT] 129579716989035 -> Iba a hacerla hace rato pero tenía mucho temblor y sudoración fría y me puse a momir
[21:37:05] [EVENT] 266816320491607 -> Papi, tengo ganas de que me hagas muchas cosas
[21:37:13] [EVENT] 266816320491607 -> Quiero acabar mojada por tus dedos
[21:37:27] [EVENT] 266816320491607 -> Quiero acabar destrozada por tu verga
[21:37:42] [EVENT] 266816320491607 -> Quiero acabar marcada por tú posesividad
[21:42:16] [OK] UnifiedRateLimiter cargado
[21:42:16] [OK] Comando cargado: ban
[21:42:16] [OK] Comando cargado: antilink
[21:42:16] [OK] Comando cargado: antibot
[21:42:16] [OK] Comando cargado: antifake
[21:42:16] [OK] Comando cargado: autolevelup
[21:42:16] [OK] Comando cargado: nsfw
[21:42:17] [OK] Comando cargado: facebook
[21:42:17] [OK] Comando cargado: instagram
[21:42:17] [OK] Comando cargado: pinterest
[21:42:17] [OK] Comando cargado: play
[21:42:17] [OK] Comando cargado: spotify
[21:42:17] [OK] Comando cargado: tiktok
[21:42:17] [OK] Comando cargado: ytmp3
[21:42:17] [OK] Comando cargado: ytmp4
[21:42:17] [OK] Comando cargado: balance
[21:42:17] [OK] Comando cargado: buy
[21:42:17] [OK] Comando cargado: crime
[21:42:17] [OK] Comando cargado: daily
[21:42:17] [OK] Comando cargado: deposit
[21:42:17] [OK] Comando cargado: gamble
[21:42:17] [OK] Comando cargado: inventory
[21:42:17] [OK] Comando cargado: leaderboardmoney
[21:42:17] [OK] Comando cargado: open
[21:42:17] [OK] Comando cargado: pay
[21:42:17] [OK] Comando cargado: rob
[21:42:17] [OK] Comando cargado: shop
[21:42:17] [OK] Comando cargado: slots
[21:42:17] [OK] Comando cargado: withdraw
[21:42:17] [OK] Comando cargado: work
[21:42:17] [OK] Comando cargado: inactive
[21:42:17] [OK] Comando cargado: msgstats
[21:42:17] [OK] Comando cargado: topmessages
[21:42:17] [OK] Comando cargado: add
[21:42:17] [OK] Comando cargado: demote
[21:42:17] [OK] Comando cargado: hidetag
[21:42:17] [OK] Comando cargado: kick
[21:42:17] [OK] Comando cargado: mute
[21:42:17] [OK] Comando cargado: promote
[21:42:17] [OK] Comando cargado: tagall
[21:42:17] [OK] Comando cargado: unwarn
[21:42:17] [OK] Comando cargado: warn
[21:42:17] [OK] Comando cargado: warnings
[21:42:17] [OK] Comando cargado: welcome
[21:42:18] [OK] Comando cargado: ia
[21:42:18] [OK] Comando cargado: leaderboard
[21:42:18] [OK] Comando cargado: level
[21:42:18] [OK] Comando cargado: rank
[21:42:18] [OK] Comando cargado: menu
[21:42:18] [OK] Comando cargado: ping
[21:42:18] [OK] Comando cargado: addpremium
[21:42:18] [OK] Comando cargado: delpremium
[21:42:18] [OK] Comando cargado: premium
[21:42:18] [OK] Comando cargado: profile
[21:42:18] [OK] Comando cargado: sticker
[21:42:18] [OK] Comando cargado: addjoinmsg
[21:42:18] [OK] Comando cargado: clearjoinmsg
[21:42:18] [OK] Comando cargado: deljoinmsg
[21:42:18] [OK] Comando cargado: listjoinmsg
[21:42:18] [INFO] Iniciando KennyBot...
[21:42:18] [OK] SocketManager cargado
[21:42:19] [OK] KennyBot conectado
[21:42:41] [EVENT] 181973939142738 -> .tagall
[21:42:41] [EVENT] PassiveCoins: 181973939142738 +8
[21:42:41] [CMD] tagall → 181973939142738
[21:42:42] [EVENT] Tagall usado: 120363425530676036
[21:42:45] [EVENT] 266816320491607 -> ¿Por qué yo, papi?
[21:42:58] [EVENT] 266816320491607 -> Yo solo le sigo la corriente a papi
[21:43:00] [EVENT] 266816320491607 -> Y me encanta
[21:43:16] [EVENT] 129579716989035 -> Ahorita lo escucho
[21:43:21] [EVENT] 129579716989035 -> K estoy en un lugar con ruido
[21:43:25] [EVENT] 129579716989035 -> Y rompí mis audífonos
[21:43:27] [EVENT] 129579716989035 -> 🥺🥺
[21:43:38] [EVENT] 129579716989035 -> Ti
[21:44:33] [EVENT] 266816320491607 -> Y tú a mí
[21:45:22] [EVENT] 266816320491607 -> El no tenerte aquí, no poder tocarte y no poder ayudarte cada que tienes ganas, me está matando viva
[21:46:44] [OK] UnifiedRateLimiter cargado
[21:46:44] [OK] Comando cargado: ban
[21:46:44] [OK] Comando cargado: antilink
[21:46:44] [OK] Comando cargado: antibot
[21:46:44] [OK] Comando cargado: antifake
[21:46:44] [OK] Comando cargado: autolevelup
[21:46:44] [OK] Comando cargado: nsfw
[21:46:44] [OK] Comando cargado: facebook
[21:46:44] [OK] Comando cargado: instagram
[21:46:44] [OK] Comando cargado: pinterest
[21:46:45] [OK] Comando cargado: play
[21:46:45] [OK] Comando cargado: spotify
[21:46:45] [OK] Comando cargado: tiktok
[21:46:45] [OK] Comando cargado: ytmp3
[21:46:45] [OK] Comando cargado: ytmp4
[21:46:45] [OK] Comando cargado: balance
[21:46:45] [OK] Comando cargado: buy
[21:46:45] [OK] Comando cargado: crime
[21:46:45] [OK] Comando cargado: daily
[21:46:45] [OK] Comando cargado: deposit
[21:46:45] [OK] Comando cargado: gamble
[21:46:45] [OK] Comando cargado: inventory
[21:46:45] [OK] Comando cargado: leaderboardmoney
[21:46:45] [OK] Comando cargado: open
[21:46:45] [OK] Comando cargado: pay
[21:46:45] [OK] Comando cargado: rob
[21:46:45] [OK] Comando cargado: shop
[21:46:45] [OK] Comando cargado: slots
[21:46:45] [OK] Comando cargado: withdraw
[21:46:45] [OK] Comando cargado: work
[21:46:45] [OK] Comando cargado: inactive
[21:46:45] [OK] Comando cargado: msgstats
[21:46:45] [OK] Comando cargado: topmessages
[21:46:45] [OK] Comando cargado: add
[21:46:45] [OK] Comando cargado: demote
[21:46:45] [OK] Comando cargado: hidetag
[21:46:45] [OK] Comando cargado: kick
[21:46:45] [OK] Comando cargado: mute
[21:46:45] [OK] Comando cargado: promote
[21:46:45] [OK] Comando cargado: tagall
[21:46:45] [OK] Comando cargado: unwarn
[21:46:45] [OK] Comando cargado: warn
[21:46:45] [OK] Comando cargado: warnings
[21:46:45] [OK] Comando cargado: welcome
[21:46:45] [OK] Comando cargado: ia
[21:46:45] [OK] Comando cargado: leaderboard
[21:46:45] [OK] Comando cargado: level
[21:46:45] [OK] Comando cargado: rank
[21:46:45] [OK] Comando cargado: menu
[21:46:45] [OK] Comando cargado: ping
[21:46:45] [OK] Comando cargado: addpremium
[21:46:45] [OK] Comando cargado: delpremium
[21:46:45] [OK] Comando cargado: premium
[21:46:45] [OK] Comando cargado: profile
[21:46:45] [OK] Comando cargado: sticker
[21:46:45] [OK] Comando cargado: addjoinmsg
[21:46:45] [OK] Comando cargado: clearjoinmsg
[21:46:45] [OK] Comando cargado: deljoinmsg
[21:46:45] [OK] Comando cargado: listjoinmsg
[21:46:46] [INFO] Iniciando KennyBot...
[21:46:46] [OK] SocketManager cargado
[21:46:48] [OK] KennyBot conectado
[21:46:56] [EVENT] 181973939142738 -> .tagall
[21:46:56] [EVENT] PassiveCoins: 181973939142738 +5
[21:46:56] [CMD] tagall → 181973939142738
[21:46:58] [EVENT] Tagall usado: 120363425530676036
[21:49:02] [OK] UnifiedRateLimiter cargado
[21:49:02] [OK] Comando cargado: ban
[21:49:02] [OK] Comando cargado: antilink
[21:49:02] [OK] Comando cargado: antibot
[21:49:02] [OK] Comando cargado: antifake
[21:49:02] [OK] Comando cargado: autolevelup
[21:49:02] [OK] Comando cargado: nsfw
[21:49:02] [OK] Comando cargado: facebook
[21:49:02] [OK] Comando cargado: instagram
[21:49:02] [OK] Comando cargado: pinterest
[21:49:03] [OK] Comando cargado: play
[21:49:03] [OK] Comando cargado: spotify
[21:49:03] [OK] Comando cargado: tiktok
[21:49:03] [OK] Comando cargado: ytmp3
[21:49:03] [OK] Comando cargado: ytmp4
[21:49:03] [OK] Comando cargado: balance
[21:49:03] [OK] Comando cargado: buy
[21:49:03] [OK] Comando cargado: crime
[21:49:03] [OK] Comando cargado: daily
[21:49:03] [OK] Comando cargado: deposit
[21:49:03] [OK] Comando cargado: gamble
[21:49:03] [OK] Comando cargado: inventory
[21:49:03] [OK] Comando cargado: leaderboardmoney
[21:49:03] [OK] Comando cargado: open
[21:49:03] [OK] Comando cargado: pay
[21:49:03] [OK] Comando cargado: rob
[21:49:03] [OK] Comando cargado: shop
[21:49:03] [OK] Comando cargado: slots
[21:49:03] [OK] Comando cargado: withdraw
[21:49:03] [OK] Comando cargado: work
[21:49:03] [OK] Comando cargado: inactive
[21:49:03] [OK] Comando cargado: msgstats
[21:49:03] [OK] Comando cargado: topmessages
[21:49:03] [OK] Comando cargado: add
[21:49:03] [OK] Comando cargado: demote
[21:49:03] [OK] Comando cargado: hidetag
[21:49:03] [OK] Comando cargado: kick
[21:49:03] [OK] Comando cargado: mute
[21:49:03] [OK] Comando cargado: promote
[21:49:03] [OK] Comando cargado: tagall
[21:49:03] [OK] Comando cargado: unwarn
[21:49:03] [OK] Comando cargado: warn
[21:49:03] [OK] Comando cargado: warnings
[21:49:03] [OK] Comando cargado: welcome
[21:49:03] [OK] Comando cargado: ia
[21:49:03] [OK] Comando cargado: leaderboard
[21:49:03] [OK] Comando cargado: level
[21:49:03] [OK] Comando cargado: rank
[21:49:03] [OK] Comando cargado: menu
[21:49:03] [OK] Comando cargado: ping
[21:49:03] [OK] Comando cargado: addpremium
[21:49:03] [OK] Comando cargado: delpremium
[21:49:03] [OK] Comando cargado: premium
[21:49:03] [OK] Comando cargado: profile
[21:49:03] [OK] Comando cargado: sticker
[21:49:03] [OK] Comando cargado: addjoinmsg
[21:49:03] [OK] Comando cargado: clearjoinmsg
[21:49:03] [OK] Comando cargado: deljoinmsg
[21:49:03] [OK] Comando cargado: listjoinmsg
[21:49:03] [INFO] Iniciando KennyBot...
[21:49:03] [OK] SocketManager cargado
[21:49:05] [OK] KennyBot conectado
[21:49:11] [EVENT] 181973939142738 -> .tagall
[21:49:11] [EVENT] PassiveCoins: 181973939142738 +4
[21:49:11] [CMD] tagall → 181973939142738
[21:49:12] [EVENT] Tagall usado: 120363425530676036
[21:49:24] [EVENT] 129579716989035 -> O sea komo
[21:49:42] [EVENT] 129579716989035 -> Hay k kambiar todo
[21:49:44] [EVENT] 129579716989035 -> Toncei
[21:49:55] [EVENT] 266816320491607 -> Sí, ajá, claro
[21:50:00] [EVENT] 266816320491607 -> Lo que tú digas, precioso
[21:52:00] [OK] UnifiedRateLimiter cargado
[21:52:00] [OK] Comando cargado: ban
[21:52:00] [OK] Comando cargado: antilink
[21:52:00] [OK] Comando cargado: antibot
[21:52:00] [OK] Comando cargado: antifake
[21:52:00] [OK] Comando cargado: autolevelup
[21:52:00] [OK] Comando cargado: nsfw
[21:52:00] [OK] Comando cargado: facebook
[21:52:00] [OK] Comando cargado: instagram
[21:52:00] [OK] Comando cargado: pinterest
[21:52:01] [OK] Comando cargado: play
[21:52:01] [OK] Comando cargado: spotify
[21:52:01] [OK] Comando cargado: tiktok
[21:52:01] [OK] Comando cargado: ytmp3
[21:52:01] [OK] Comando cargado: ytmp4
[21:52:01] [OK] Comando cargado: balance
[21:52:01] [OK] Comando cargado: buy
[21:52:01] [OK] Comando cargado: crime
[21:52:01] [OK] Comando cargado: daily
[21:52:01] [OK] Comando cargado: deposit
[21:52:01] [OK] Comando cargado: gamble
[21:52:01] [OK] Comando cargado: inventory
[21:52:01] [OK] Comando cargado: leaderboardmoney
[21:52:01] [OK] Comando cargado: open
[21:52:01] [OK] Comando cargado: pay
[21:52:01] [OK] Comando cargado: rob
[21:52:01] [OK] Comando cargado: shop
[21:52:01] [OK] Comando cargado: slots
[21:52:01] [OK] Comando cargado: withdraw
[21:52:01] [OK] Comando cargado: work
[21:52:01] [OK] Comando cargado: inactive
[21:52:01] [OK] Comando cargado: msgstats
[21:52:01] [OK] Comando cargado: topmessages
[21:52:01] [OK] Comando cargado: add
[21:52:01] [OK] Comando cargado: demote
[21:52:01] [OK] Comando cargado: hidetag
[21:52:01] [OK] Comando cargado: kick
[21:52:01] [OK] Comando cargado: mute
[21:52:01] [OK] Comando cargado: promote
[21:52:02] [OK] Comando cargado: tagall
[21:52:02] [OK] Comando cargado: unwarn
[21:52:02] [OK] Comando cargado: warn
[21:52:02] [OK] Comando cargado: warnings
[21:52:02] [OK] Comando cargado: welcome
[21:52:02] [OK] Comando cargado: ia
[21:52:02] [OK] Comando cargado: leaderboard
[21:52:02] [OK] Comando cargado: level
[21:52:02] [OK] Comando cargado: rank
[21:52:02] [OK] Comando cargado: menu
[21:52:02] [OK] Comando cargado: ping
[21:52:02] [OK] Comando cargado: addpremium
[21:52:02] [OK] Comando cargado: delpremium
[21:52:02] [OK] Comando cargado: premium
[21:52:02] [OK] Comando cargado: profile
[21:52:02] [OK] Comando cargado: sticker
[21:52:02] [OK] Comando cargado: addjoinmsg
[21:52:02] [OK] Comando cargado: clearjoinmsg
[21:52:02] [OK] Comando cargado: deljoinmsg
[21:52:02] [OK] Comando cargado: listjoinmsg
[21:52:02] [INFO] Iniciando KennyBot...
[21:52:02] [OK] SocketManager cargado
[21:52:04] [OK] KennyBot conectado
[21:52:13] [EVENT] 181973939142738 -> .tagall
[21:52:13] [EVENT] PassiveCoins: 181973939142738 +3
[21:52:13] [CMD] tagall → 181973939142738
[21:52:14] [EVENT] Tagall usado: 120363425530676036
[21:52:25] [EVENT] 181973939142738 -> Ahí está
[21:52:36] [EVENT] 129579716989035 -> Otei
[21:56:36] [EVENT] 129579716989035 -> Si, si los hago, solo tengo k entregar lo de una de Jack
[21:56:46] [EVENT] 129579716989035 -> Y dos icons kreo
[21:56:58] [EVENT] 129579716989035 -> Me atrase xq ya ni hacia ni vrg
[21:57:38] [EVENT] 266816320491607 -> Me encanta hacer sufrir a mí bebé
[21:58:04] [EVENT] 266816320491607 -> Me gusta, porque intentas resistir, pero no puedes
[21:58:30] [EVENT] 266816320491607 -> ¿Estás haciendo algo, papi?
[22:05:32] [EVENT] 266816320491607 -> Ay... Papi rico
[22:05:57] [EVENT] 266816320491607 -> Papi, tus gemidos me encanta
[22:12:24] [EVENT] 129579716989035 -> Chi, jejeje🦦 

tu puedes tu puedes 😭

Si, mándamelos y ya veo y dime el nombre y así
[22:17:41] [EVENT] 181973939142738 -> .tagall
[22:17:41] [EVENT] PassiveCoins: 181973939142738 +5
[22:17:41] [CMD] tagall → 181973939142738
[22:17:42] [EVENT] Tagall usado: 120363425530676036
[22:35:01] [EVENT] 179109397282834 -> Holi
[22:35:01] [EVENT] LevelUp: 179109397282834 +1
[22:35:02] [EVENT] PassiveCoins: 179109397282834 +7
[22:35:05] [EVENT] 179109397282834 -> Justo me iba a dormir
[22:36:27] [EVENT] 179109397282834 -> JAJAJAKKAA
[22:36:27] [EVENT] PassiveCoins: 179109397282834 +2
[16:05:15] [OK] UnifiedRateLimiter cargado
[16:05:15] [OK] Comando cargado: ban
[16:05:15] [OK] Comando cargado: antilink
[16:05:15] [OK] Comando cargado: antibot
[16:05:15] [OK] Comando cargado: antifake
[16:05:15] [OK] Comando cargado: autolevelup
[16:05:16] [OK] Comando cargado: facebook
[16:05:16] [OK] Comando cargado: instagram
[16:05:16] [OK] Comando cargado: pinterest
[16:05:17] [OK] Comando cargado: play
[16:05:17] [OK] Comando cargado: spotify
[16:05:17] [OK] Comando cargado: tiktok
[16:05:17] [OK] Comando cargado: ytmp3
[16:05:17] [OK] Comando cargado: ytmp4
[16:05:17] [OK] Comando cargado: balance
[16:05:17] [OK] Comando cargado: buy
[16:05:17] [OK] Comando cargado: crime
[16:05:17] [OK] Comando cargado: daily
[16:05:17] [OK] Comando cargado: deposit
[16:05:17] [OK] Comando cargado: gamble
[16:05:17] [OK] Comando cargado: inventory
[16:05:17] [OK] Comando cargado: leaderboardmoney
[16:05:17] [OK] Comando cargado: open
[16:05:17] [OK] Comando cargado: pay
[16:05:17] [OK] Comando cargado: rob
[16:05:17] [OK] Comando cargado: shop
[16:05:17] [OK] Comando cargado: slots
[16:05:17] [OK] Comando cargado: withdraw
[16:05:17] [OK] Comando cargado: work
[16:05:17] [OK] Comando cargado: inactive
[16:05:17] [OK] Comando cargado: msgstats
[16:05:17] [OK] Comando cargado: topmessages
[16:05:17] [OK] Comando cargado: add
[16:05:17] [OK] Comando cargado: demote
[16:05:17] [OK] Comando cargado: hidetag
[16:05:17] [OK] Comando cargado: kick
[16:05:17] [OK] Comando cargado: mute
[16:05:17] [OK] Comando cargado: promote
[16:05:17] [OK] Comando cargado: tagall
[16:05:17] [OK] Comando cargado: unwarn
[16:05:17] [OK] Comando cargado: warn
[16:05:17] [OK] Comando cargado: warnings
[16:05:17] [OK] Comando cargado: welcome
[16:05:17] [OK] Comando cargado: ia
[16:05:17] [OK] Comando cargado: leaderboard
[16:05:17] [OK] Comando cargado: level
[16:05:17] [OK] Comando cargado: rank
[16:05:17] [OK] Comando cargado: menu
[16:05:17] [OK] Comando cargado: ping
[16:05:17] [OK] Comando cargado: addpremium
[16:05:17] [OK] Comando cargado: delpremium
[16:05:17] [OK] Comando cargado: premium
[16:05:17] [OK] Comando cargado: profile
[16:05:18] [OK] Comando cargado: sticker
[16:05:18] [OK] Comando cargado: addjoinmsg
[16:05:18] [OK] Comando cargado: clearjoinmsg
[16:05:18] [OK] Comando cargado: deljoinmsg
[16:05:18] [OK] Comando cargado: listjoinmsg
[16:05:18] [INFO] Iniciando KennyBot...
[16:05:18] [OK] SocketManager cargado
[16:05:20] [OK] KennyBot conectado
[16:05:28] [OK] UnifiedRateLimiter cargado
[16:05:28] [OK] Comando cargado: ban
[16:05:28] [OK] Comando cargado: antilink
[16:05:28] [OK] Comando cargado: antibot
[16:05:28] [OK] Comando cargado: antifake
[16:05:28] [OK] Comando cargado: autolevelup
[16:05:29] [OK] Comando cargado: facebook
[16:05:29] [OK] Comando cargado: instagram
[16:05:29] [OK] Comando cargado: pinterest
[16:05:30] [OK] Comando cargado: play
[16:05:30] [OK] Comando cargado: spotify
[16:05:30] [OK] Comando cargado: tiktok
[16:05:30] [OK] Comando cargado: ytmp3
[16:05:30] [OK] Comando cargado: ytmp4
[16:05:30] [OK] Comando cargado: balance
[16:05:30] [OK] Comando cargado: buy
[16:05:30] [OK] Comando cargado: crime
[16:05:30] [OK] Comando cargado: daily
[16:05:30] [OK] Comando cargado: deposit
[16:05:30] [OK] Comando cargado: gamble
[16:05:30] [OK] Comando cargado: inventory
[16:05:30] [OK] Comando cargado: leaderboardmoney
[16:05:30] [OK] Comando cargado: open
[16:05:30] [OK] Comando cargado: pay
[16:05:30] [OK] Comando cargado: rob
[16:05:30] [OK] Comando cargado: shop
[16:05:30] [OK] Comando cargado: slots
[16:05:30] [OK] Comando cargado: withdraw
[16:05:30] [OK] Comando cargado: work
[16:05:30] [OK] Comando cargado: inactive
[16:05:30] [OK] Comando cargado: msgstats
[16:05:30] [OK] Comando cargado: topmessages
[16:05:30] [OK] Comando cargado: add
[16:05:30] [OK] Comando cargado: demote
[16:05:30] [OK] Comando cargado: hidetag
[16:05:30] [OK] Comando cargado: kick
[16:05:30] [OK] Comando cargado: mute
[16:05:30] [OK] Comando cargado: promote
[16:05:30] [OK] Comando cargado: tagall
[16:05:30] [OK] Comando cargado: unwarn
[16:05:30] [OK] Comando cargado: warn
[16:05:30] [OK] Comando cargado: warnings
[16:05:30] [OK] Comando cargado: welcome
[16:05:30] [OK] Comando cargado: ia
[16:05:30] [OK] Comando cargado: leaderboard
[16:05:30] [OK] Comando cargado: level
[16:05:30] [OK] Comando cargado: rank
[16:05:30] [OK] Comando cargado: menu
[16:05:30] [OK] Comando cargado: ping
[16:05:30] [OK] Comando cargado: addpremium
[16:05:30] [OK] Comando cargado: delpremium
[16:05:30] [OK] Comando cargado: premium
[16:05:30] [OK] Comando cargado: profile
[16:05:31] [OK] Comando cargado: sticker
[16:05:31] [OK] Comando cargado: addjoinmsg
[16:05:31] [OK] Comando cargado: clearjoinmsg
[16:05:31] [OK] Comando cargado: deljoinmsg
[16:05:31] [OK] Comando cargado: listjoinmsg
[16:05:31] [INFO] Iniciando KennyBot...
[16:05:31] [OK] SocketManager cargado
[16:05:33] [OK] KennyBot conectado
[16:09:20] [OK] UnifiedRateLimiter cargado
[16:09:20] [OK] Comando cargado: ban
[16:09:20] [OK] Comando cargado: antilink
[16:09:20] [OK] Comando cargado: antibot
[16:09:20] [OK] Comando cargado: antifake
[16:09:20] [OK] Comando cargado: autolevelup
[16:09:21] [OK] Comando cargado: facebook
[16:09:21] [OK] Comando cargado: instagram
[16:09:21] [OK] Comando cargado: pinterest
[16:09:21] [OK] Comando cargado: play
[16:09:21] [OK] Comando cargado: spotify
[16:09:21] [OK] Comando cargado: tiktok
[16:09:21] [OK] Comando cargado: ytmp3
[16:09:21] [OK] Comando cargado: ytmp4
[16:09:21] [OK] Comando cargado: balance
[16:09:21] [OK] Comando cargado: buy
[16:09:21] [OK] Comando cargado: crime
[16:09:21] [OK] Comando cargado: daily
[16:09:21] [OK] Comando cargado: deposit
[16:09:21] [OK] Comando cargado: gamble
[16:09:21] [OK] Comando cargado: inventory
[16:09:21] [OK] Comando cargado: leaderboardmoney
[16:09:21] [OK] Comando cargado: open
[16:09:21] [OK] Comando cargado: pay
[16:09:21] [OK] Comando cargado: rob
[16:09:21] [OK] Comando cargado: shop
[16:09:21] [OK] Comando cargado: slots
[16:09:21] [OK] Comando cargado: withdraw
[16:09:21] [OK] Comando cargado: work
[16:09:21] [OK] Comando cargado: inactive
[16:09:21] [OK] Comando cargado: msgstats
[16:09:21] [OK] Comando cargado: topmessages
[16:09:21] [OK] Comando cargado: add
[16:09:21] [OK] Comando cargado: demote
[16:09:21] [OK] Comando cargado: hidetag
[16:09:21] [OK] Comando cargado: kick
[16:09:21] [OK] Comando cargado: mute
[16:09:21] [OK] Comando cargado: promote
[16:09:22] [OK] Comando cargado: tagall
[16:09:22] [OK] Comando cargado: unwarn
[16:09:22] [OK] Comando cargado: warn
[16:09:22] [OK] Comando cargado: warnings
[16:09:22] [OK] Comando cargado: welcome
[16:09:22] [OK] Comando cargado: ia
[16:09:22] [OK] Comando cargado: leaderboard
[16:09:22] [OK] Comando cargado: level
[16:09:22] [OK] Comando cargado: rank
[16:09:22] [OK] Comando cargado: menu
[16:09:22] [OK] Comando cargado: ping
[16:09:22] [OK] Comando cargado: addpremium
[16:09:22] [OK] Comando cargado: delpremium
[16:09:22] [OK] Comando cargado: premium
[16:09:22] [OK] Comando cargado: profile
[16:09:22] [OK] Comando cargado: sticker
[16:09:22] [OK] Comando cargado: addjoinmsg
[16:09:22] [OK] Comando cargado: clearjoinmsg
[16:09:22] [OK] Comando cargado: deljoinmsg
[16:09:22] [OK] Comando cargado: listjoinmsg
[16:09:22] [INFO] Iniciando KennyBot...
[16:09:22] [OK] SocketManager cargado
[16:09:24] [OK] KennyBot conectado
